result code = 0
standard error = {
}
standard output = {
{
    "parameters": [
        {
            "name": "t",
            "binding": {"kind": "shaderResource", "index": 0},
            "type": {
                "kind": "resource",
                "baseShape": "texture2D"
            }
        },
        {
            "name": "s",
            "binding": {"kind": "samplerState", "index": 0},
            "type": {
                "kind": "samplerState"
            }
        },
        {
            "name": "C",
            "binding": {"kind": "constantBuffer", "index": 0},
            "type": {
                "kind": "constantBuffer",
                "elementType": {
                    "kind": "struct",
                    "fields": [
                        {
                            "name": "c",
                            "type": {
                                "kind": "scalar",
                                "scalarType": "float32"
                            },
                            "binding": {"kind": "uniform", "offset": 0, "size": 4}
                        }
                    ]
                }
            }
        }
    ]
}
}
