result code = -1
standard error = {
Tests/Diagnostics/call-argument-type.spire(9): error 30019: expected an expression of type 'A', got 'B'
}
standard output = {
}
