result code = -1
standard error = {
Tests/Diagnostics/continue-outside-loop.spire(3): error 30004: 'continue' must appear inside loop constructs.
}
standard output = {
}
