result code = -1
standard error = {
Tests/Diagnostics/expected-token-eof.spire(0): error 20001: unexpected end of file, expected ';'
}
standard output = {
}
