result code = -1
standard error = {
Tests/Diagnostics/expected-token.spire(5): error 20001: unexpected ']', expected ';'
}
standard output = {
}
