result code = -1
standard error = {
Tests/Diagnostics/hull-shader-no-domain.spire(31): error 50052: 'HullShader' requires attribute 'Domain'.
}
standard output = {
}
