result code = -1
standard error = {
Tests/Diagnostics/illegal-character.spire(3): error 10000: illegal character '$'
}
standard output = {
}
