result code = -1
standard error = {
Tests/Diagnostics/missing-include-file.hlsl(3): error 15300: failed to find include file 'does-not-exist.h'
}
standard output = {
}
