result code = -1
standard error = {
Tests/Diagnostics/undefined-identifier.spire(5): error 30015: undefined identifier 'b'.
}
standard output = {
}
